medfail/./aanschurkte_21.xml	//node[ ../@cat="cp" and not(@rel="cmp") and not(@rel="body") and not(@rel="mod")]	unexpected cp-daughter.   Expected rels: cmp body mod
medfail/./aanschurkte_21.xml	//node[ @cat and @rel="cmp" and not(@cat="mwu") and not(@cat="conj")]	unexpected cmp-category.   Expected cats: mwu conj
medfail/./afkruiden_9.xml	//node[ @cat and @rel="mod" and not(@cat="rel") and not(@cat="cp") and not(@cat="np") and not(@cat="advp") and not(@cat="ap") and not(@cat="ppart") and not(@cat="pp") and not(@cat="mwu") and not(@cat="conj") and not(@cat="oti") and not(@cat="du") and not(@cat="smain") and not(@cat="whrel") and not(@cat="ti") and not(@cat="sv1") and not(@cat="ppres")]	unexpected mod-category.   Expected cats: rel cp np advp ap ppart pp mwu conj oti du smain whrel ti sv1 ppres
medfail/./gekapseld_2.xml	//node[@cat="np" and node[@rel="hd" and @genus="onz" and not(@root="jaar" or @root="paar" or @root="miljoen" or @root="uur" or @root="procent" or @root="miljard" or @root="nummer")] and node[@rel="det" and (@root="de" or @root="die" or @root="deze")]]	de-determiner combines with zijd noun?
medfail/./onderligt_3.xml	//node[ ../@cat="detp" and not(@rel="hd") and not(@rel="obcomp") and not(@rel="mod") and not(@rel="me")]	unexpected detp-daughter.   Expected rels: hd obcomp mod me
medfail/./onderligt_3.xml	//node[ @cat and @rel="mod" and not(@cat="rel") and not(@cat="cp") and not(@cat="np") and not(@cat="advp") and not(@cat="ap") and not(@cat="ppart") and not(@cat="pp") and not(@cat="mwu") and not(@cat="conj") and not(@cat="oti") and not(@cat="du") and not(@cat="smain") and not(@cat="whrel") and not(@cat="ti") and not(@cat="sv1") and not(@cat="ppres")]	unexpected mod-category.   Expected cats: rel cp np advp ap ppart pp mwu conj oti du smain whrel ti sv1 ppres
medfail/./tussenvalt_7.xml	//node[ @cat and @rel="obj1" and not(@cat="np") and not(@cat="conj") and not(@cat="mwu") and not(@cat="whrel") and not(@cat="pp") and not(@cat="cp") and not(@cat="ap") and not((@cat="advp" or @cat="whsub") and ../@cat="pp")]	unexpected obj1-category...
medfail/./aanschurkte_21.xml	//node[@cat="cp" and not(node[@rel="body"])]	cp without body
medfail/./aanschurkte_21.xml	//node[@cat="cp" and not(node[@rel="cmp"])]	cp without cmp
