AMERONGEN .
In de nieuwjaarsnacht zijn vier doden gevallen .
Ook hebben tientallen mensen ernstige verminkingen opgelopen door vuurwerk .
De politie noemde de jaarwisseling rustig .
Feestvierders hebben vooral politiemensen regelmatig op de korrel genomen .
De agenten moesten waarschuwingsschoten lossen om zichzelf te ontzetten of de doorgang van hulpdiensten te bewerkstelligen .
In Amersfoort schoot men een agent in zijn buik , men heeft bij geopereerd en zijn toestand is nu redelijk .
In Leeuwarden , Rotterdam , Amerongen en Groningen vielen doden bij de nieuwjaarsviering .
In de grote steden was het met uitzondering van Rotterdam rustiger dan andere jaren .
Dat was vooral opvallend in Den Haag waar men slechts 35 aanhoudingen verrichtte .
De ziekenhuizen hadden minder werk dan gewoonlijk bij de jaarwisseling .
Wel is het aantal verminkingen als gevolg van zware vuurwerkexplosies aanmerkelijk groter .
De pijl was 70 centimeter lang en had een doorsnee van tien centimeter .
Men had het projectiel nagenoeg geheel gevuld met kruit .
Twee omstanders liepen letsel op aan ogen , hoofd en handen .
Bij een 17-jarige jongen uit Halfweg ontplofte een afzwaaiende vuurpijl in het kruis en richtte daar verminkingen aan .
Een 20-jarige Utrechter raakte in Spijkenisse zijn vingers kwijt doordat een zelfgemaakte vuurwerkbom in zijn handen ontplofte .
BONN/MOSKOU .
De strijdkrachten zullen krijgen wat ze nodig hebben .
Duitsland wacht de complete vernietiging als het tot een Derde Wereldoorlog komt , heeft Zjirinovski gezegd .
Dit blijkt uit een geheim rapport van de Duitse ambassade in Sofia .
Aanleiding voor een nieuwe wereldoorlog is volgens Zjirinovski dat Duitsland hem onlangs een visum heeft geweigerd .
Pagina 7 .
Duitse minister wil met Zjirinovski debatteren .
BONN/MOSKOU .
De bewindsman wil in het openbaar een discussie met Zjirinovski aangaan .
Als zo'n debat zeker is zou Zjirinovski alsnog een visum voor Duitsland kunnen krijgen .
Ook onder de resterende legeronderdelen in Duitsland is Zjirinovski populair .
Een kwart van het aantal manschappen daar stemde op zijn partij .
Maar hij wijst extra zware ingrepen zoals de sociaal-democraten die voorstellen af .
Omdat hij had opgeroepen tot het afzetten van de president had men Zjirinovski Bulgarije uitgezet .
Zjirinovski toont zich verbaasd over de reacties op zijn uitspraken .
Zjirinovski zou in februari naar Frankrijk willen reizen om de leider van de Gaullistische partij te ontmoeten .
Hij kan een visum wel vergeten , aldus minister Alain Lamassoure ( Europese zaken ) .
Een extra lang weekeinde om het nieuwe jaar te vieren .
In vele delen van de wereld gebeurde dat op langzamerhand vertrouwde wijze .
In Sarajevo kuste Zerjeka Dzafovic ( 30 ) haar eerste kind , een jongetje van 4 kilo .
Hij was de eerste baby die dit jaar geboren werd in de zwaar belegerde hoofdstad van Bosnië .
En tenslotte was in de Gaza-strook ook de eerste januari een dag van protesten en arrestaties .
De Palestijnen vierden de 29ste verjaardag van de eerste aanval van de PLO op Israël .
DEN HAAG .
Men moet de rente van 7,5 procent op de middenstandskredieten halveren en de provisie van 3 procent moet vervallen .
Andriessen , gisteren voor de NOS-televisie : het moet allemaal ook veel sneller dan gebruikelijk .
De mensen moeten niet stikken in de papieren .
Er zal meer moeten gebeuren .
Pagina 3 .
VVD vraagt 100 miljoen voor rampgebied .
Verscheidene ministers bespreken vanmiddag wat er voor het rampgebied moet gebeuren .
Het ministerie van binnenlandse zaken kon gisteravond nog niet zeggen met welke voorstellen minister Dales naar het overleg komt .
DEN HAAG .
Ook de oppositiepartijen VVD en D66 zijn daar voor .
De Tweede Kamer vindt dat men structurele belastingmeevallers aan de burgers moet teruggeven .
Men moet nu die motie uitvoeren , zegt de PvdA'er Melkert .
Ik acht het waarschijnlijk dat een flink deel van de belastingmeevaller structureel is .
De CDA'er Terpstra noemt dat voor de hand liggend .
En gezien de economische toestand is lastenverlichting een goeie zaak .
Ook de naderende verkiezingen spelen een rol bij het al of niet geven van lastenverlichting .
Het ministerie van financiën is vooralsnog echter terughoudend .
Het is nog onduidelijk hoe de meevaller tot stand is gekomen .
Het valt daarom ook niet te zeggen welk deel blijvend is en welk deel incidenteel , aldus het departement .
Men heeft afgesproken dat men incidentele meevallers gebruikt om het financieringstekort terug te brengen .
Pagina 5 .
Meevaller mogelijk door versneld innen van belastingen .
Dat houdt in dat de overheid dit jaar ruimte heeft voor lastenverlichting .
Men kan ook het overheidstekort terugbrengen .
Het tekort dreigt dit jaar te stijgen naar 3,9 procent .
Het lijkt vrijwel onmogelijk dat Kok uitkomt op de in het regeerakkoord vastgelegde 3,25 procent van het nationale inkomen .
Kok riep de Tweede Kamer vorige maand al op de huid niet te verkopen voordat men de beer heeft geschoten .
Maar in plaats daarvan blijkt de meevaller juist te zijn gegroeid tot ruim 4 miljard gulden .
Het gaat vooral om meevallers in de loon- en inkomstenbelasting en de vennootschapsbelasting ( winstbelasting voor bedrijven ) .
Het is niet uitgesloten dat dit komt door een versnelde inning van belastingen .
In dat geval zouden de belastingen alleen eerder binnenkomen zodat het geen echte meevaller is .
Dit jaar zou de fiscus dat geld dan moeten missen tenzij men opnieuw de inning van belastingen versnelt .
Het ministerie sluit bepaald niet uit dat men wederom sneller int .
HILVERSUM .
Hij kondigde dit gisteren aan in het NOS-programma Het Capitool .
Stekelenburg zag niet in waarom er nog eens drie maanden moeten verstrijken .
Men heeft al zoveel analyses gemaakt hoe men in de toekomst de industriële werkeloosheid moet opvijzelen .
Waarom moeten we nog eens drie maanden wachten ?
BONN .
Zware sneeuwval heeft gisteren een enorme chaos op de Duitse wegen veroorzaakt .
De verkeerscentrale van de politie meldde tegen de avond een totaal van duizend kilometer file .
Bij botsingen door gladheid kwamen vijf mensen om .
Men trof vooral de deelstaten Beieren en Neder-Saksen .
Op de snelweg Salzburg-Ulm ontstonden in beide richtingen opstoppingen met een lengte van meer dan 250 kilometer .
Tussen Hannover en Kassel had men het verkeer over 70 kilometer geblokkeerd .
In Duitsland is het weer volkomen in de war .
ALMELO - " De vingeren van Rome druipen nog van het bloed der heiligen , door hen omgebracht .
Ons volk is misleid ; is met leugen gevoed , is geblinddoekt voor het sluwe , genade-hatende Rome . "
De Noordierse dominee Paisley maar de Nederlander ds G.H. Kersten is niet aan het woord .
Ontzuiling .
Vergeleken met andere vormen van discriminatie valt het overigens wel mee .
Discriminatie is een van de grote vraagstukken van deze tijd .
Ze zeggen dat wij Nederlanders zo'n verdraagzaam volk zijn .
Dan is het interessant uit te zoeken hoe het er met bepaalde vormen van discriminatie bij staat .
In zijn jeugd hoorde Wartena , zoon van een hervormd predikantenechtpaar veel sterkere anti-roomse geluiden .
Voor mijn vader was een katholieke iemand die behoorlijk ver was afgedwaald .
In alle hoeken van de hervormde kerk was de echo van het vooroorlogse antipapisme nog te horen .
Dat is nu vrijwel verdwenen .
Toch kom ik het af en toe nog tegen .
Dan hoor je opeens iemand zeggen dat die katholieken toch niet te vertrouwen zijn .
Het hardnekkigste leven de antipapistische gevoelens onder de rondom de SGP gegroepeerde gereformeerde gezindte .
In deze kring besteedt men weinig aandacht meer aan het katholicisme .
Men heeft de bestrijding van Rome uitbesteed aan enkele stichtingen .
Ik noem dat plaatsvervangende antipapisme .
Een oprisping daarvan bespeurde Wartena omstreeks 1979 .
AR en CHU hadden hun aloude tegenstellingen met de KVP begraven en troffen elkaar in het CDA .
Zodoende stopte men de afbraak van de confessionele partijen en daarmee vervaagde de hoop op een linkse meerderheid .
De teleurstelling daarover leidde tot een uitbarsting van anti-katholieke gevoelens in progressieve kring .
Documentaire .
Overdrijft u niet ?
Toch niet alle kritiek op de rooms-katholieke kerk is discriminatie .
Als ik kritiek lever op de opvattingen van de paus over geboortenbeperking ben ik dan een antipapist .
Kritiek op herkenbare feiten is zeker geen antipapisme .
De huidige paus is in zijn optreden zeer conservatief .
De gemiddelde Nederlander staat daar ver vanaf ook als hij katholiek is .
Het wordt anders als mensen alle katholieken op één hoop gooien en denigrerend over hen spreken .
Het is niet mijn bedoeling om elke rotstreek van de rooms-katholieke kerk te verdedigen .
In bepaalde vooroordelen zit soms een kern van waarheid .
De mensen hebben alleen de neiging om alles uit te vergroten en te generaliseren .
Iemand wordt door een Marokkaan beroofd en roept gelijk dat alle Marokkanen dieven zijn . "
Hoe komt het eigenlijk dat Nederland niet de weg is opgegaan van Noord-Ierland ?
De tegenstellingen tussen katholiek en protestant waren zeer scherp tot in de vorige eeuw .
De emancipatiebeweging van de katholieken had even goed kunnen uitmonden in een burgeroorlog .
Nederland heeft een sterke humanistische traditie .
Het was een handelsland en kende geen strakke staatsgodsdienst .
De bredere blik leidde tot meer tolerantie .
Tijdens de reformatie waren er heus wel predikanten die katholieken op de brandstapel wilden gooien .
Ze kregen geen kans van de regenten .
Hoop .
De behandeling van de Nederlandse katholieken als tweederangsburgers werkt volgens Wartena nog een beetje door .
Pas in de negentiende eeuw kregen ze gelijke rechten .
Die achterstand heeft men zelfs vandaag nog niet voor honderd procent weggewerkt .
Toch is over de hele linie de emancipatie van de katholieken buitengewoon geslaagd .
Men heeft het antipapisme geleidelijk naar de rand gedrukt .
Minderheidsgroepen in Nederland hebben kennelijk de ruimte om zich te emanciperen .
In die zin is er hoop voor onze Turken en Surinamers .
UITHOORN .
Negen van de tien gezakte kandidaten geven na hun rijexamen de schuld aan hun nervositeit .
Om de grootste blunders te verklaren misbruikt men naar hartelust de zenuwen .
Ze gieren niet alleen door de keel maar kwellen ook handen en voeten .
En de examinator , de brenger van van de slechte boodschap kan natuurlijk óók de zenuwen krijgen .
Bijna niemand ontsnapt aan de spanning die stoere binken in schoothondjes en struise dames in popjes kan veranderen .
Zeshonderd duizend kandidaten melden zich jaarlijks bij het Centraal Bureau Rijvaardigheidsbewijzen , CBR voor het begeerde papiertje .
Het gros bibbert .
Voorbereiding .
Dat komt ook doordat veel kandidaten zich niet goed voorbereiden .
Ze weten niet precies wat hun te wachten staat , zegt Goossens .
Het valt hem steeds weer op dat veel debutanten de rituelen van het praktijkexamen niet kennen .
Daardoor gaan ze zich onzeker voelen en onnodige fouten maken .
De voorbebreiding is een achtergebleven gebied , vindt de examinator .
Examen afleggen is een kunst .
Daarvoor moet je trainen .
Zelfs een ingreep hoeft niet fataal te zijn .
Goossens , een examinator mag tegenwoordig zelf bepalen of een ingreep doorslaggevend voor zijn oordeel is .
Hij heeft instrumenten om de waarheid boven water te halen over iemands rijvaardigheid .
Er zijn altijd gevallen waarin ik me achter de oren krab en me afvraag wat ik er mee moet .
Vroeger was het simpel .
Je maakte een optelsom van fouten en keek of de kandidaat genoeg punten had verzameld .
Nu is de totaalindruk het belangrijkste .
Ik kijk of ik ook zonder dubbele bediening in de auto een ritje met de kandiaat zou maken .
We vragen geen routine of vijf-sterrenprestatie maar voldoende vaardigheid , inzicht en veiligheid .
De ene kandidaat heeft daarvoor dertig lessen nodig , de ander tachtig .
En sommigen leren het nooit .
Autorijden is namelijk een zeer gecompliceerde bezigheid die veel mensen onderschatten .
De examinator signaleert vooral kijkfouten .
Kijken noemt Goossens razend moeilijk .
Een bekwame opleider zal op het belang blijven wijzen .
Een volmaakte kandidaat treft Goossens echter nooit .
De mensen realiseren zich niet dat een foutloze rit in de praktijk bijna onmogelijk is .
Dat is heel frustrerend als je van tevoren weet dat je fouten gaat maken .
Je bent in het verkeer zo afhankelijk van andere factoren .
We zijn nog steeds niet populair en zullen het ook nooit worden .
Niet elke gezakte kandidaat spreekt ook zijn waardering uit voor de heldere visie van de examinator .
Goossens zegt eraan gewend te zijn dat hij de zwartepiet krijgt toegespeeld .
En slikken hoort ook bij het vak .
's Avonds kan hij trouwens altijd nog even napraten met zijn echtgenote .
Ze heeft hetzelfde beroep .
Docent .
Goossens doceert bovendien sociale vaardigheden bij het CBR .
Hij heeft zelf geleerd dat alle kandidaten het gebabbel met de examinator niet op prijs stellen .
Goossens maakte tijdens de rit altijd een praatje .
Totdat men hem eens vroeg of hij thuis ook zoveel praatte tegen zijn vrouw .
Zezullen - zo nodig ook de examinator over de gemoedstoestand van het slachtoffer inseinen .
Voorinformatie kan in sommige gevallen nuttig zijn .
Soms zegt er eentje snerend : " hou m'n auto heel ' .
En dan kom ik terug met een geslaagde kandidaat .
RHOON .
Bij wijze van uitzondering kregen de parachutisten toestemming voor de bijzondere nieuwjaarsduik .
Je zit op de doorgaande routes van internationale vluchten , verduidelijkt deelnemer Peter de Groot .
Omdat er op 1 januari weinig vliegverkeer is mochten we springen .
Normaal gesproken kun je hier echt alleen maar van dromen .
Door de ijle lucht vielen de parachutisten in de vrije val met driehonderd kilometer per uur naar beneden .
Of de nieuwjaarsduik een traditie wordt bij The Flying Dutchmen is nog niet zeker .
Eén van de spingers houdt het in elk geval voor gezien .
Dit doe ik niet weer .
Veel te koud .
Er zat een centimeter ijs op mijn lippen .
WINTERSWIJK/ELLECOM .
Bij twee treinongevallen in Gelderland zijn op nieuwjaarsdag twee doden en drie gewonden gevallen .
De ongelukken , beide met personenauto's deden zich voor in Winterswijk en in Ellecom .
ZAANDAM .
Op het moment van de brand was het restaurant , onderdeel van het openluchtmuseum De Zaanse Schans gesloten .
Men schat de schade op anderhalf miljoen gulden .
WIJNJEWOUDE .
De 66-jarige Hagenaar die men woensdagavond dood op een bospad bij Wijnjewoude aantrof is overleden aan een hartaanval .
De man verbleef met zijn gezin in een recreatiewoning bij Wijnjewoude .
DEN HAAG .
Het ministerie van landbouw , natuurbeheer en visserij geeft dit jaar geen premie meer voor een dode vos .
Het ministerie betaalde sinds 1955 f 15 voor een dode vos .
Onderzoek op de kadavers kon uitwijzen op welke schaal hondsdolheid in Nederland voorkwam .
LEEUWARDEN .
De politie heeft op nieuwjaarsdag drie inwoners van Leeuwarden aangehouden die hebben bekend een stadsgenoot zwaar te hebben mishandeld .
De 18-jarige jongen werd met een zwaar voorwerp meerdere malen op het hoofd geslagen en in een sloot geduwd .
De drie dachten dat hij was overleden en stopten hem in een kofferbak .
Men leverde hem bij het ziekenhuis af toen bleek dat de jongen nog leefde .
Het slachtoffer is gisterochtend aan zijn verwondingen overleden .
AMSTERDAM .
ROTTERDAM .
In een benedenwoning in de Slaghekstraat in Rotterdam heeft men gisteravond het lichaam van een nog onbekende jonge vrouw gevonden .
Een misdrijf heeft haar waarschijnlijk om het leven gebracht .
GRONINGEN .
Bij een inbraak richtte men vernielingen aan en opende men de brandkraan .
Een van de bibliotheken liep onder water .
AMSTERDAM .
Men heeft gisteravond in Amsterdam een 44-jarige douane-rechercheur doodgeschoten .
In het centrum van Amsterdam ontstond de schietpartij .
Ook een verdachte liep een schotwond op .
Men heeft hem aangehouden .
Een tweede verdachte is voortvluchtig .
Men gebruikt dezelfde termen vlak nadat men ze had geroyeerd als in de protesten , meent Stekelenburg .
Hij kwam gisteren persoonlijk de schade opnemen aan het kantoor dat in het industriegebied Westport in Amsterdam-West ligt .
De huishoudelijke dienst is gisteren begonnen met schoonmaken .
De verf blijkt moeilijk te verwijderen .
Niemand heeft zich nog voor de bekladding verantwoordelijk gesteld , aldus Stekelenburg .
Stekelenburg spreekt van een schandalige actie .
Het is in strijd met hoe wij zelf actie zouden voeren om iets te bereiken .
Wij weten als bond heel goed hoe dat gaat en welke spelregels daarbij gelden .
Volgens Poppe zouden er nog zo'n twintig andere FNV-leden op de CD-lijst staan .
Bij de bouw- en houtbond ongeveer zes en ook nog dat aantal bij de andere bonden .
Samen zullen het er twintig zijn , schat hij .
AMSTERDAM .
De Amsterdamse oud-hoofdagent J. van Daalen heeft het beroep gewonnen dat hij tegen zijn ontslag had aangespannen .
Daarom heeft men het contract met Van Daalen alsnog per 31 december 1993 ontbonden .
Men zal een wachtgeldregeling met hem moeten treffen .
De korpsleiding had hem ontslagen omdat zijn gemoedstoestand hem ongeschikt zou maken voor het politievak .
Volgens het ambtenarengerecht is het ontslag op grond van ongeschiktheid niet terecht geweest .
Maar pas over enkele weken zal men een schriftelijke motivatie van de uitspraak geven .
Hij zegt zich door de uitspraak " in het gelijk gesteld ' te voelen .
De korpsleiding betichtte hem van het schenden van ambtsgeheim en ontsloeg de hoofdagent .
Hij kreeg ook maar gedeeltelijk wachtgeld toegekend .
HILVERSUM .
Aan die spotjes doet een aantal bekende Nederlanders mee .
Met advertenties in de dagbladen ondersteunt men de actie .
Met RTL 4 bespreekt men nog op welke wijze deze zender kan meewerken .
Het Nationaal Rampenfonds en het Rode Kruis hadden de omroepen aanvankelijk gevraagd om een avondvullend themaprogramma .
Op de speciale rampenrekening 777 had men gisteren rond de 3 miljoen gulden aan giften gestort .
LEERDAM/MAASTRICHT .
Het sterk gestegen water in de Linge veroorzaakt overlast bij tal van woningen tussen Gorinchem en Geldermalsen .
Veel bewoners hebben uit voorzorg zandzakken voor de deur gelegd .
Dat geldt ook voor een aantal huizen in Leerdam .
De Linge staat extreem hoog .
Bovendien is in de Betuwe eind vorige week op één dag 52 millimeter water neergekomen .
Normaal kan 7 millimeter per dag worden afgemalen .
Het gemaal in Hardinxveld-Giessendam kan het werk niet meer aan .
Risico .
In de Over- en Nederbetuwe heeft men hele gebieden overstroomd .
De laatste jaren heeft men in de Zuidhollandse uiterwaarden met toestemming gebouwd .
Men heeft de huiseigenaren wel op het risico van wateroverlast gewezen , aldus G. Steketee van het waterschap de Linge .
Morgen gaan 50 experts op pad voor de taxaties .
Het duurt op z'n minst twee maanden voordat men uitkeert , aldus Mastenbroek .
Bij de aardbeving in 1992 heeft het ook zolang geduurd .
De schade door de watersnood is aanzienlijker dan bij de aardbeving .
Toen trof men enkele gemeenten , nu zijn het er 22 .
Er zijn al ruim 2500 schadeformulieren van particulieren binnengekomen .
Opgelucht adem .
Er viel geen nieuwe overstroming te duchten .
Maar de Maas kwam niet hoger dan 44,38 meter .
De voorzorgsmaatregelen die tal van inwoners hadden getroffen bleken overbodig .
Naderhand gaf Rijkswaterstaat toe dat de neerslag in België veel geringer was dan verwacht .
Sommige Limburgers verweten Rijkswaterstaat onnodige paniek te zaaien .
Met anderen stak hij voor het beeld van de heilige in de kerk kaarsjes op .
Bosch : St. Cornelius heeft ervoor gezorgd dat de berekeningen van Rijkswaterstaat niet zijn uitgekomen .
Op 21 december klaagde menigeen over de late waarschuwingen van Rijkswaterstaat .
Dat hebben ze nu willen voorkomen .
Men kon de crisisteams die men her en der weer had geformeerd ontbinden .
Dat deed ook de 160 militairen en 40 technische hulpverleners van de Hilfswerke uit het Duitse Viersen .
Bij de slotmanifestatie van Venlo 650 jaar stad , zamelde men meer dan een half miljoen gulden in .
Het streefbedrag is 650.000 gulden , een tientje per hoofd van de bevolking in Venlo .
Duitsland .
Het hangt van de hoeveelheid neerslag af of de situatie de komende dagen verder verbetert .
In Nedersaksen had men nog tal van wegen afgesloten .
Langs Elbe , Weser en diverse andere rivieren hadden overstromingen plaats .
In Frankrijk is gisteren de 51-jarige Claude Debras verdronken bij het uitlaten van zijn labrador retrievers .
Hij werd meegesleurd door de Oise , ging kopje onder en kwam niet meer boven .
In Noord-Frankrijk is evenals diverse rivieren in de Dordogne de Seine , Marne en Oise nog steeds overstroomd .
Dit weekeinde kwamen door de overstromingen en lawines 10 mensen om het leven .
Er was groeiende zorg of de nooddijken het wel zouden houden .
VUGHT .
Het personeel vreesde voor een uitbraak .
De politie kwam na de aanhouding al spoedig achter de ware bedoelingen van de burgemeester en zijn secondant .
ROTTERDAM .
Niet bekend .
Maar ik kan nu al zeggen dat gedupeerden geen kans maken .
In de leverings-voorwaarden staat dat men schadevergoeding heeft uitgesloten als overmacht geen verbindingen kan maken .
WAGENINGEN .
De zeer koude novembermaand heeft geen voortzetting gevonden in het winterweer in december .
De laatste maand van het jaar werd een zeer zachte , kletsnatte en uiterst sombere maand .
Een voortdurende depressiestroom die Europa bestookte was de oorzaak van het natte weer .
Op de 1ste verdreef men de laatste resten novemberkou uit het land .
In Engeland richtte de storm flinke schade aan en er vielen ook slachtoffers .
De depressies bleven daarna komen met de regelmaat van een geoliede dienstregeling .
De dagen daarna lag de baan van de depressies wat zuidelijker .
De rivieren zwollen daardoor snel aan .
De resultaten daarvan zijn ondertussen genoegzaam bekend .
Bij ons werd het wat kouder en op een enkele plaats werd het even wit door sneeuw .
De laatste dagen van de maand brachten in grote delen van Europa grote weerproblemen .
In de Harz , in Oostenrijk en in het westen van Hongarije viel zeldzaam veel sneeuw .
In de Ardennen bracht de sneeuw ook plezier want men kon aan langlaufen doen .
Afwijking .
PARAMARIBO .
Men betaalt de training uit de Nederlandse ontwikkelingspot .
De leider van het nieuwe arrestatieteam heeft al een stage gevolgd in Nederland .
We bekijken momenteel hoe dit heeft kunnen gebeuren .
Maar ik heb niet de indruk dat er bij de politie iets is foutgegaan .
In Suriname heeft men verontrust op de schietpartijen gereageerd .
Dergelijke recepten zullen ook dit jaar in deze rubriek , vrijwel altijd op maandag , worden opgenomen .
Snij de ui in 12 partjes .
Hak het knoflookteentje ragfijn .
Snij het witte en lichtgeelgroene deel van de prei in vingerbrede ringen .
Verwijder de uiteinden van de Spaanse peper .
Snij hem overlangs door en neem het zaad en de zaadlijsten weg .
Snij het vruchtvlees in uiterst smalle reepjes .
Neem van de paprika steelaanzet , kern , zaad en zaadlijsten weg .
Snij het vruchtvlees in smalle reepjes .
Klop de eieren met 2 eetlepels water los .
Voeg er wat zout en peper aan toe .
Verhit de olie in wok of wadjan en fruit de ui zo lang tot ze glazig ziet .
Strooi er kerriepoeder over en schep alles enkele malen om .
Voeg de prei en de paprikareepjes toe .
Schep alles nogmaals goed om .
Voeg dan de losgeroerde eieren toe en schep alles zo lang om tot de eieren zijn gestold .
Dien het gerecht op in een voorverwarmde schaal .
Strooi er eventueel wat fijngehakte verse koriander over .
Tip : geef er (zilvervlies)rijst of warm en knapperig stokbrood bij .
Eind maart houdt men een reünie van oud-medewerkers van Werkspoor Utrecht , gesticht 1920 , opgeheven 1970 .
Schriftelijk aanmelden : Adm. reünie oud-Werkspoorders , Jasondreef 3 , 3561 EG Utrecht .
Inl. - P. Huizen , tel. 070 - 383.41.96 of J.W. Arentsen , tel. 05750 - 16673 .
Op vrijdag 29 april houdt men een reünie van oud-leerlingen en -leerkrachten .
Inl. ; mevr. M. Barger , tel. 01830 - 36714 of mevr. A. Jens , tel. 01830 - 25614 .
Met verontwaardiging las ik de brief uit Rhenen , AD , 30/12 over Arno Gelders treinrubriek .
Volgens briefschrijver valt Arno Gelder in de categorie zeurpieten en valt het best allemaal wel mee met de trein .
Zijn stukjes zouden alleen komisch maar sterk overtrokken en onrealistisch zijn .
Ruim vier jaar lang reis ik dagelijks met het openbare vervoer .
Ik kan briefschrijver verzekeren dat de artikelen over de trein niet nodeloos negatief waren .
Sterker nog , ik ben blij dat de mensen eindelijk een beetje in opstand komen .
Zeker doe je het trouwens bij de Spoorwegen nooit weten .
Vertrekschema's zijn aardig maar daarop kun je beter geen afspaken maken .
MARIEKE MAAN , Almere .
Heeft hij mogelijk een (top)functie bij de NS ?
ROB ADANK , Rijen .
En dat terwijl een mens geen vleeseter maar een alleseter is en gemakkelijk zonder vlees kan leven .
RON HERMANS , Rotterdam .
De reden voor het plotselinge enthousiasme van Andriessen is echter minder duidelijk .
Kennelijk verwacht de minister op dit punt niet veel resultaat van de reguliere gesprekken met werkgevers en werknemers .
Een zeker wantrouwen in dat overleg spreekt ook uit het plan een aparte conferentie te beleggen .
Is dat het geval dan zou dat van deze CDA-veteraan een vergaande conclusie zijn .
DEN HAAG .
Op de hoek Hoefkade-De la Reyweg is het in de oudejaarsnacht opvallend rustig .
Wat opgeschoten jongelui gooien opzettelijk achteloos rotjes tussen een groep mannen op straat .
Honderdvijftig decibellen uit de losse pols en niemand die reageert .
Een brandweerauto op weg naar een van de zeventig branden in Den Haag kan gewoon doorrijden .
Dat is in jaren anders geweest .
De Residentie heeft de meest on-Haagse oudejaarsnacht van de laatste jaren achter de rug .
Vroeger een bolwerk van geweld en vernielingen , nu een stad vol feesten en vreugdevuren .
Men verrichtte vijfendertig aanhoudingen voor openlijke geweldplegingen en vernielingen .
Strafwerk .
Tot aan oudejaarsavond had de politie al 5000 kilo vuurwerk in beslag genomen en 110 jongeren aangehouden .
Voornamelijk voor het voortijdig afsteken van illegaal vuurwerk .
Men stuurde de helft voor een portie strafwerk door naar het bureau Halt .
Het is nog nooit zo rustig geweest , zegt politiewoordvoerder R. Kouwenhoven .
" Zelf het openbaar vervoer kon gewoon rijden .
Voor het eerst was er weer veel volk op straat ook veel meer ouderen .
De geïntegreerde aanpak op wijkniveau van de afgelopen jaren blijkt z'n vruchten af te werpen .
We zijn op de goede weg .
De coördinator van al deze preventieve maatregelen is J. van Gelderen .
Ook hij kon met Oud en Nieuw ongestoord van vreugdevuur naar feesttent snellen .
De dalende lijn in het aantal vernielingen en geweldplegingen heeft zich voortgezet .
Wijkagenten bezochten de scholen en gaven les in het omgaan met vuurwerk en het tegengaan van overlast .
Affiches en spotjes op de lokale radio deden de rest .
Als je de personeelskosten erbij telt kom je aan enkele miljoenen guldens .
ROTTERDAM .
Het doel was jongeren tot meer voorzichtigheid aan te sporen .
De lijst met ernstige verminkingen is dit jaar echter opvallend lang .
Ook op de vuurwerkverkopen heeft de campagne weinig effect gehad .
Volgens de Federatie Vuurwerkhandel Nederland heeft men net als in 1992 voor circa 44 miljoen gulden aan vuurwerk uitgegeven .
Zij beschouwt de vuurwerkdode in Amerongen voorlopig als een incident .
Het is uiteindelijk toch de verantwoordelijkheid van de mensen zelf .
We kunnen niet ieders hand vasthouden .
Zij zegt de indruk te hebben gekregen dat er in verhouding juist weinig ongelukken zijn gebeurd .
Behalve een vuurwerkdode lieten nog drie mensen het leven door ontsporingen na de feestelijkheden .
De politie zoekt naar de schutter die een 24-jarige man uit Lochem in de Groninger discotheek Gdanksk doodschoot .
Het slachtoffer was naar Groningen gekomen om er de jaarwisseling te vieren .
Op verdenking van betrokkenheid bij een dodelijke steekpartij op nieuwjaarsochtend heeft men twee mannen uit Overschie aangehouden .
Een 18-jarige jongen uit Leeuwarden overleed gisterochtend in het Academisch Ziekenhuis in Groningen na zware mishandeling in de nieuwjaarsnacht .
Men heeft drie Leeuwarders aangehouden , zij hebben bekend .
In Rotterdam ging Oud en Nieuw van veel geweld vergezeld .
Op de Nieuwe Binnenweg bedreigde een 35-jarige man politiemensen waarna zij gericht zijn benen schoten met een mes .
Op de Claes de Vrieselaan loste de politie een waarschuwingsschot om een vechtpartij te beëindigen .
Een 27-jarige Groninger liep in een café op de Schiekade een schotwond op in een arm .
In de Vierhavenstraat kreeg een 24-jarige Rotterdammer een kogel in de onderarm .
De Amsterdamse politie spreekt van een heel rustige jaarwisseling waarin men alleen opvallend veel steekpartijen meldde .
Er raakten vier buitenlandse toeristen gewond .
In november hield men al iemand aan die zo'n bom in Amsterdam-Noord liet ontploffen en daarmee veel schade veroorzaakte .
In Groningen heeft men veelal bij de nieuwjaarsviering acht mensen aangehouden wegens openlijke geweldpleging .
Met een molotovcocktail bekogelde men een politieauto .
De politie heeft de twee daders aangehouden .
In Assen keerde een ondeugdelijk afgestoken vuurpijl terug in de vuurwerkdoos .
Door de enorme knal sprongen tientallen ruiten in een flatgebouw aan de Dotterbloemstraat .
Een buurtbewoner kon een brandje door een vuurpijl in het Kindermuseum in Roden tijdig blussen .
Het caravanbedrijf De Groot op het industrieterrein Halfweg in Spijkenisse is op oudejaarsavond volledig in de as gelegd .
Men schat de schade op 1,5 à 2 miljoen gulden .
Omstanders duwden hem in een vijver om af te koelen .
In 's Heer Hendrikskinderen , Z raakte een 19-jarige automobilist gewond .
Een 34-jarige plaatsgenoot schoot hem in het been , nadat men vanuit de auto vuurwerk had gegooid .
Ze sloten twee politiemensen in .
Een 29-jarige agent uit Kapelle werd geslagen en getrapt .
In Bruinisse heeft men een Duitser aangehouden die met een gaspistool liep te schieten .
Men sloot hem in .
Na betaling van 250 gulden boete kwam hij vrij .
ROTTERDAM .
De ernstige letsels waarmee men tijdens de jaarwisseling oogspecialisten geconfronteerd heeft waren vaker afkomstig van champagnekurken dan van vuurwerk .
ROTTERDAM .
Burgemeester Peper van Rotterdam verwijt het kabinet besluiteloosheid omtrent de plannen voor een nieuwe Rotterdamse luchthaven .
Hij deed de felle aanval in zijn traditionele oudejaarstoespraak voor de Havenvereniging Rotterdam .
In april 1992 stemde de Rotterdamse gemeenteraad al in met die plannen .
Vooral sinds de provincie Zuid-Holland zich afgelopen najaar tegen de plannen keerde twijfelt het kabinet nog steeds .
Voor Peper duurt het allemaal veel te lang .
En maar zeggen dat de Randstad een concurrerend klimaat moet houden in vergelijking met andere Europese metropole gebieden .
Frankfurt heeft inmiddels z'n derde luchthaven geopend .
En ga zo maar door .
De jongen kwam er dankzij Symors optreden zonder kleerscheuren vanaf maar zijn redder liep levensgevaarlijke brandwonden op .
Artsen in het Brandwondencentrum van Beverwijk redden hem het leven maar hij zal altijd ernstig verminkt blijven .
Het is de tweede keer in 35 jaar dat men deze onderscheiding heeft uitgereikt .
Met zijn herstel gaat het minder naar wens , vertelde hij .
Dat wordt de vierde keer sinds de vliegramp .
ROME .
Een zwarte vrouw heeft in de Italiaanse hoofdstad een blanke baby gebaard .
Zij had een eicelletje van een blanke donorvrouw ingepland gekregen .
De zelf onvruchtbare moeder wilde geen kind met een gemengde kleur .
Ze vreesde dat het kind dan minder kansen zou hebben op een succesvolle loopbaan .
De minister van gezondheid wil per wet kunstmatige zwangerschappen beteugelen .
Een kind is geen wegwerpartikel .
KABUL .
Weinig nauwkeurige artillerie-beschietingen over en weer veroorzaakten veel slachtoffers voornamelijk onder de burgerbevolking .
Men vuurde zeker 7.000 raketten af op de hoofdstad , men trof drie ziekenhuizen .
Islamitische fundamentalisten en ex-communisten onder generaal Dostum opereren samen tegen het staatshoofd .
Het gaat om de bloedigste gevechten sinds een half jaar .
PARIJS .
Dat was kassa , een uitbetaling van 59.726.340 franc , wat neerkomt op circa 20 miljoen gulden .
BELFAST .
Hij noemde het vredesplan van de Ierse en Britse premiers van afgelopen maand waardeloos .
In Noord-Ierland begon het nieuwe jaar met aanslagen door de IRA .
In Belfast bracht men in winkels en een bibliotheek kort na de jaarwisseling zeker tien brandbommen tot ontploffing .
GLASGOW .
Een 27-jarige bergbeklimmer heeft in de bergen van Noord-Schotland een val van meer dan 300 meter overleefd .
LONDEN .
De reeks onderscheidingen weerspiegelt de wens van premier John Major voor een klasseloze lijst .
WASHINGTON .
Officieel zijn in de jaren '60 zes Amerikaanse militairen in detentie gestorven in Laos .
NEW YORK .
Toen stelde men in een reeks experimenten tussen de 600 en 800 Amerikaanse staatsburgers aan grote doses nuclaire straling bloot .
Deskundigen spreken van het Buchenwald van de Verenigde Staten .
In het concentratiekamp Buchenwald voerde men op gevangenen tijdens de Tweede Wereldoorlog op grote schaal medische experimenten uit .
Ondanks zijn vermaning gingen de experimenten gewoon door .
Zoekactie .
Sinds de media deze kwestie onthulden is minister O'Leary begonnen met een zoekactie naar de slachtoffers .
Zij heeft bovendien beloofd alle tot nog toe geheime gehouden informatie over de proeven openbaar te maken .
Dit weekeinde prees president Clinton de bewindsvrouw uitvoerig .
Hij beloofde zelf aan een aantal vergaderingen te zullen deelnemen .
Degenen die men leed heeft aangedaan moeten compensatie krijgen .
Het parlement en het publiek moeten maar uitmaken hoe groot de schadevergoeding moet zijn .
Op het hoogtepunt van de Koude Oorlog nam men de proeven met mensen .
Daar staat tegenover dat het de media zijn geweest die de gruwelijke kernproeven aan de kaak hebben gesteld .
BRUSSEL .
De jongeren sloegen ruiten van Koerdische winkels in .
De oproerpolitie dreef hen uiteen .
Tussen Turken en Koerden was het voor de tweede opeenvolgende dag dat het in de hoofdstad tot rellen kwam .
Daarbij vielen gewonden aan beide zijden .
Vlag .
De protesttocht van de Koerden eindigde in de Brusselse gemeente Sint-Joost-ten-Node .
Na de betoging kwamen de Koerden bijeen in een zaal en hingen er de Koerdische vlag buiten .
Dat wekte de woede van Turkse inwoners van de wijk .
Enkele honderden Turken omsingelden het gebouw en eisten dat men de vlag weghaalde .
De politie kreeg versterking van 140 man rijkswachters die men uit heel het land optrommelde .
De rijkswacht in busjes evacueerde de belegerde Koerden naar een ander deel van Brussel .
De groep wil vandaag in Brussel betogen bij het gebouw van het Europees Parlement .
Een aantal Koerden is gisteren met een hongerstaking begonnen .
Ze willen een gesprek met voorzitter Jacques Delors van de Europese Commissie afdwingen .
SARAJEVO .
Een grimmig nieuwjaar heeft het belegerde Sarajevo een regen granaten en Midden-Bosnië de dreiging van een nieuw offensief gebracht .
Westerse leiders toonden zich in toespraken en interviews juist pessimistisch .
Bondskanselier Kohl wees onder meer op de Balkan-oorlog als reden om niet verder drastisch te bezuinigen op defensie .
Radio Sarajevo berichtte dat er bij beschietingen op de stad zeker zeven mensen omkwamen en vijftig gewond raakten .
Wegens een stroomstoring zat de stad op de eerste dag van het nieuwe jaar zonder elektriciteit en water .
Ondertussen lopen de spanningen tussen moslims en Kroaten steeds verder op .
De Bosnische regering kondigde aan dat haar troepen verder zullen oprukken om de Lasva-vallei in Midden-Bosnië te veroveren .
President Izetbegovic beschuldigde Kroatië in het gebied van een gewapende opstand .
Reuter , DPA .
JERUZALEM .
Israël zal de onderhandelingen met de PLO voorlopig niet hervatten .
Minister Peres ( buitenlandse zaken ) heeft dat Yasir Arafat gisteravond per fax laten weten .
Laat ze in Tunis maar eens flink zweten , ik heb geen haast , zei Rabin .
Men stuurde ons later die notulen toe .
Van enige overeenkomst is geen sprake .
Tussen Israël en de PLO bestaan grote verschillen van mening over drie onderwerpen .
De grootte van het gebied rond de stad Jericho dat onder Palestijns zelfbestuur zal vallen .
De vraag wie verantwoordelijk wordt voor de grens tussen Jordanië , Egypte en het gebied van de Palestijnen .
Vorige week deed minister Peres het voorkomen dat hij en de PLO overeenstemming hadden bereikt over deze drie geschilpunten .
Dit weekeinde stuurde Arafat echter een fax naar Jeruzalem waarin hij ontkent dat men overeenstemming had bereikt .
Niet alleen in Israël bestaat grote kritiek op Arafat .
Uit woede daarover sloten de bewoners van de nederzettingen in de Jordaanvallei gisteren de hoofdweg door de Jordaanvallei af .
Men sloot de nederzettingen met brandende autobanden van de wereld af .
In het gebied kondigde men een staking voor onbepaalde tijd af .
LONDEN .
Hij heeft de supervisie over de operatie .
De deuren gaan voor het publiek open op 24 maart .
Men stelt apart of in kleine groepjes de juwelen tentoon in vitrines met gepantserd glas die men verlicht .
Men zal glasvezels aanbrengen in diverse juwelen om bepaalde onderdelen beter te laten uitkomen .
Bij elk onderdeel komt een geschreven commentaar over de geschiedenis ervan .
AFP , ANP .
MEXICO STAD .
Daarbij doodde men volgens de politie zeven mensen onder wie zes agenten .
De oorlog die we verklaren is een laatste maar rechtvaardige maatregel .
Het gebied waar de zapatistas hebben toegeslagen is de afgelopen jaren zeer onrustig geweest .
Er heerst grote armoede .
De armoede en sociale problemen dateren 500 jaar geleden uit het begin van de Spaanse kolonisering .
Reuter .
HAMBURG .
De inflatie zal dit jaar in Duitsland en zo mogelijk onder de 3 procent uitkomen .
Hij voorspelt ook voor dit jaar een lagere groei van de geldhoeveelheid .
Daarmee zou de Bundesbank de mogelijkheid krijgen de rente verder te verlagen .
In 1994 verwachten we een beter resultaat te halen , aldus president van de Bundesbank Tietmeyer .
Doelstelling .
Indien de groei van de geldhoeveelheid afneemt noemde Tietmeyer de mogelijkheid van een verdere renteverlaging .
De doelstelling van het afgelopen jaar lag tussen 4,5 en 6,5 procent .
Men zou de rentetarieven opnieuw kunnen verlagen , zo stelt de president .
Kritiek .
ANP .
DEZE week is Nafta van kracht geworden : het Noordamerikaanse vrijhandelsakkoord tussen de Verenigde Staten , Mexico en Canada .
Wat betekent dat vcoor - de ijzersterke positie van Heineken in de VS .
We zien het komende jaar met vertrouwen tegemoet , aldus Philip van Munching in New York .
Wij zijn voor een vrije handel , aldus Van Munching .
Van de circa 200 geïmporteerde biermerken in de VS is Heineken de onbetwiste koploper .
Van de markt voor geïmporteerde biertjes heeft Heineken er een marktaandeel van 28 procent verworven .
Leo Van Munching maakte toen als barkeeper op de Nieuw Amsterdam kennis met de vader van Freddy Heineken .
Goede verkoper .
Mijn grootvader was een goede verkoper , zegt Van Munching .
Hij liep in New York de café's af en overtuigde de barkeepers ervan dat ze Heineken moesten schenken .
Als die overdag niet toehapten probeerde hij het 's avonds als er een ander achter de tap stond .
Zo lukte het langzaam maar zeker .
In 1946 ging hij opnieuw alle cafe's in New York af om ze over te halen Heineken te schenken .
Inmiddels nadert hij ook de pensioengerechtigde leeftijd .
De Ier Michael Foley volgt hem na een feestelijk afscheid deze maand op 1 januari op als president .
Sinds enkele maanden is de Nederlander Chris Vuyk verantwoordelijk voor de marketingactiviteiten in de VS .
Philip Van Munching blijft de communicatie van het bedrijf ( 150 werknemers ) doen .
Yuppen .
Nee , niet echt .
Misschien alleen in de grensgebieden van de VS .
Het was trendy om dit bier met een paar druppels citroen te drinken .
Maar Amerikaanse trends duren slechts kort .
Corona zakte na een toppositie in 1985 terug naar een lager niveau .
In 1991 gingen in de VS de belastingen fors omhoog .
Van Munching : dat jaar werd voor de restaurants het slechtste dat ze ooit gedraaid hebben .
Wij hebben daar ook een terugslag van gehad .
Mijn vader heeft door extra advertentiecampagnes en aanbiedingen de schade voor Heineken kunnen beperken .
Vorig jaar hebben we weer de gebruikelijke stijging van onze verkopen met circa acht procent gezien .
Heeft Van Munching geen nadeel van de glassplinters in de flesjes bier een paar maanden geleden gehad ?
De televisiester David Letterman maakte er in zijn show een grap over .
Maar in Noord-Amerika speelde dit niet , naar andere landen had men de beschadigde flesjes geëxporteerd .
Wij hebben Letterman opgebeld en hem dat verteld .
Hij heeft een dag later in zijn televisieshow de zaak rechtgezet .
Hij deed dat zo goed dat wij voor miljoenen aan free publicity hebben gekregen .
Is het geen nadeel dat Heineken in de winkel tweemaal zo duur is als een Amerikaans biertje ?
Dat denk ik niet .
Heineken is een premiummerk en dat willen we ook zo houden .
Men omgeeft ons kwaliteitsmerk met veel extra's zoals verpakking , reclame , vervoer .
Kortom het merk krijgt een speciale behandeling .
Vergeet bovendien het transport per schip niet .
Vandaar vervoert men de dozen en kratten per schip naar New York .
Onze klanten weten dat Heineken uit Europa komt .
Gelukkig .
In de VS is het publiek zeer te spreken over het succes van Buckler .
Van Munching : we zijn erg gelukkig met Buckler .
De verkopen van dit merk zijn het afgelopen jaar met 50 procent gestegen .
Het is een langzaam groeiende markt maar we hebben veel in dit merk geïnvesteerd .
Voor de reclame op Amerikaanse markt mikt Heineken niet op beroemdheden .
Wij werken niet met sport- of popsterren , zegt Van Munching .
Wij houden ons afzijdig van de yuppies - die kiezen voor een merk omdat het in is .
Wij bouwen aan onze merken voor de lange termijn .
NEW YORK .
Op de effectenbeurs van New York zijn de aandelenkoersen op oudejaarsdag licht gedaald .
De beurs ging als een nachtkaars uit .
Toch telde Wall Street vrijdag 1179 stijgers tegenover 892 dalers .
De omzet van de handel was slechts 167,6 miljoen aandelen .
Op de beurs moesten vooral de oliefondsen achteruit .
Exxon moest $ 0,625 prijsgeven , Mobil verloor $ 0,50 dollar en Texaco ging $ 0,375 naar beneden .
Boeing , Good Year en USX waren een van de weinige stijgers tussen de belangrijkste fondsen .
De Newyorkse beurshandelaren op Wall Street kunnen tevreden terugkijken op 1993 .
Dit jaar werden steeds hogere koersen weggezet en maar liefst 30 records gevestigd .
Net als op de Amsterdamse effectenbeurs is de omzet geëxplodeerd .
Lagere rentetarieven , geringe inflatie en een opbloeiende economie stimuleerden de beleggers .
In 1993 ging er voor $ 2250 miljard tot grote vreugde van de effectenkantoren over de toonbank .
In 1992 was dit nog maar $ 1740 miljard .
Sommige aandelen zoals die van de auto-industrie stegen maar liefst 60 procent .
De grootste effectenbank Merrill Lynch in de VS houdt rekening met een val van de Dow Jones .
Er lopen ook optimisten rond in New York .
AMSTERDAM , ANP .
Kantoorinrichter Ahrend heeft zijn werkmaatschappij Photon op de laatste dag van 1993 toch verkocht aan Beijsens Holding .
Men kondigde al in januari 1993 de verkoop van Photon aan .
Op oudejaarsavond brandde het caravanbedrijf van de firma De Groot geheel af .
De brandweer kon weinig meer doen dan de brand blussen .
Ook het pand inclusief enkele woningen , op het industrieterrein Halfweg in Spijkenisse ging verloren .
FOTO ANP .
PARIJS .
De toekomst van het noodlijdende amusementspark Euro Disney wordt steeds onzekerder .
De president Michael Eisner van grootaandeelhouder Walt Disney sluit niet uit dat men Euro Disney sluit .
Vandaag is alles mogelijk inclusief een sluiting , aldus Eisner in het Franse blad Le Point .
Eisner probeert volgens analisten met zijn woorden druk uit te oefenen op de banken .
Voor ruim 10.000 werknemers zou dat ontslag betekenen .
LEIDEN .
De gezamenlijke omzet van de 7 bloemenveilingen groeide in 1993 weer na een daling vorig jaar .
De Vereniging van Bloemenveilingen in Nederland , VBN schat de omzet dit jaar op f 5,2 miljard .
Dat is f 220 miljoen 4,4 procent meer dan in 1992 .
De omzet van bloemen steeg dit jaar met 4,2 procent en de prijzen gemiddeld met 3 procent .
De omzet van planten ging met 3 procent omhoog .
De stijging is geheel toe te schrijven aan een grotere aanvoer .
De devaluatie van de munten van die landen heeft de Nederlandse concurrentiepositie verzwakt .
Er is een groeiend aanbod van bloemen uit landen van buiten de Europese Unie .
GROU .
Halbertsma Deuren in het Friese Grou is gisteren de rechtbank in Leeuwarden failliet verklaard .
Nadat Russische aandeelhouders hun financiële verplichtingen niet meer konden nakomen onderging Halbertsma Holding al eind november dat lot .
Vanaf 10 januari zet de directie Halbertsma Deuren in afgeslankte vorm voort .
Directeur P. Wijnhoven zegt dat de werkgelegenheid voor 50 van de 70 werknemers behouden blijft .
De bonden en de ondernemingsraad hebben daarmee ingestemd .
De nieuwe onderneming is volkomen Nederlands ; er zijn geen Rus- .
AMSTERDAM .
Zoals bekend keert men tijdens de 10-jarige looptijd iedere maand op een obligatie ( 1 ) f 1 miljoen uit .
ROTTERDAM .
Zelfgenoegzaamheid brengt de concurrentiepostie van de Rotterdamse haven , is gevaar .
Burgemeester B. Peper zei dit op de oudejaarsbijeenkomst .
De haven mag zich niet in slaap laten sussen .
Volgens Peper heeft men de werkgelegenheid in de haven beperkt tot de vraag hoe mensen zo verantwoord mogelijk kunnen afvloeien .
Hij betoogde dat men de werkprocessen in de bedrijven veel flexibeler dient op te zetten .
Dit betreft volgens hem zowel de eigen mensen van de bedrijven als de werknemers van de arbeidspool .
Met wat optimisme meldde hij dat men de goede weg inmiddels ingeslagen lijkt te hebben .
Veel havenbedrijven zijn bezig met de invoering van combi-functies .
De omslag lijkt in gang gezet .
Hij vergeet dat er allang combi-functies in de haven zijn dus al werkt men flexibel .
De nota Gaat het stukgoed goed stuk van 1980 is er een voorbeeld van .
ROTTERDAM .
Oorzaak van de daling is de economische malaise in de Westeuropese auto- , staal- en chemische industrie .
Niet slecht gezien de economische omstandigheden , aldus de Rotterdamse havenwethouder R. Smit .
De haven herstelde zich in de tweede helft van vorig jaar van de slechte eerste zes maanden .
Of de betere tweede helft van 1993 een voorbode is van enig economisch herstel is niet duidelijk .
Opnieuw was het de containersector die een flinke groei vertoonde .
Men boekte een record-overslag van 45 miljoen ton : 2,8 procent meer dan in 1992 .
De overslag van olieprodukten bleef met 20,1 miljoen ton nagenoeg gelijk .
Op de laatste dag van 1993 is deze pomphouder bezig met het veranderen van zijn prijzen .
FOTO KOEN SUYK .
Bedrijven met een aandeel van 90 procent in de beurswaarde lieten een stabiele of stijgende winstlijn zien .
Maar beleggers luisteren met meer aandacht naar de winstverwachting voor het komende jaar .
Gegeven de zwakblijvende conjunctuur is een forse stijging van de operationele winst bij veel bedrijven in 1994 niet waarschijnlijk .
Ook zal men bij een aantal bedrijven de winstgevendheid vergroten doordat ze in 1993 niet onaanzienlijke acquisities hebben gepleegd .
Denk aan Unilever , Wolters-Kluwer en Akzo .
VIANEN .
Twee belangenverenigingen van polishouders van de noodlijdende levensverzekeraar Vie d'Or gaan samen .
Na de samenvoeging zal de belangenvereniging Polishouders Vie d'Or 3000 leden tellen .
Dat komt neer op bijna een kwart van het totale aantal polishouders .
Nieuwe leden melden zich nog steeds aan .
Bij elkaar vertegenwoordigen zij ongeveer 40 à 45 procent van het belegde vermogen van Vie d'Or .
Commissaris .
De BPV heeft vorige week formeel voor ondersteuning aangeklopt bij het ministerie van financiën .
ANP .
OOST-KNOLLENDAM .
Diep verborgen tussen de knotwilgen aan de Zaan ligt een boerderij waar een popgroep repeteert .
Het is geen gewone popgroep .
Alleen al het instrumentarium van De Kift is bijzonder , behalve akoestische gitaren , ook allerlei blaasinstrumenten .
De bespelers van baritonsax en gebroken trompet bepalen het geluid van dit vuilnisbakkenorkest .
Ooit was De Kift een elektrisch versterkte punkgroep maar die muziek bevredigde op een gegeven moment niet meer .
Ferry Heijne , de spil van het collectief keerde terug naar zijn wortels , de fanfare .
Maar hard , harder hardst , dat houdt eens op .
Het losse , ongedwongene van fanfare staat me meer aan .
Daar maakt het niets uit als iemand een keer vals speelt .
Dan lacht men en speelt men gewoon verder .
Bont gezelschap .
De Kift oefent voor het tweede deel van zijn tournee door het land .
Drummer en gitarist Wim ter Weele werkt bij de vereniging en mocht de boerderij in Oost-Knollendam als woning betrekken .
Naast de oefenruimte is Studio Toon , de opnamestudio die de groep zelf bouwde .
In Studio Toon heeft De Kift in twee maanden zijn eerste cd Krankenhaus opgenomen .
Het stukje huisvlijt blijkt een onverwacht succes .
Men heeft de eerste oplage van duizend exemplaren uitverkocht .
Een tweede persing ligt in de winkels .
Ter Weele : hoeveel stuks .
We konden ons niet meer vijfhonderd veroorloven .
Het zijn indringende verslagen uit het gesticht , het sanatorium en de loopgraven .
Heijne : die teksten waren het uitgangspunt .
Ze moesten de ruimte hebben .
Een elektrische gitaar klinkt dan al vaak te hard .
We namen er geen genoegen mee dat je de woorden niet kon verstaan .
De teksten zijn vaak extreem en bizar .
Daar passen geen gangbare melodieën bij .
De muziek moest net zo anders worden , vandaar ons afwijkende geluid dat teruggrijpt naar de jaren dertig .
Men maakte toen mooie muziek .
Simpel maar met weergaloze arrangementen .
Of deze stijl tijdloos is .
Dat kun je moeilijk aan de makers zelf vragen .
Ferry Heijne zingt niet , hij draagt voor .
Luister naar De Maan , het openingsnummer van Krankenhaus : de maan staarde door het venster .
Het was niet langer een stralenkrans .
Het was een vuile vieze voyeur die in kamers en bedden loert .
En hij drijft als vuile eierdooier op de bosbesblauwe soep van de nachthemel .
Hij ziet er beschimmeld uit .
Hij zal wel stinken .
Zo ziek ziet de maan eruit .
Het lied zet de toon voor de rest van de cd .
Daar overleed hij een bescheiden maar aangrijpend oeuvre achterlatend in 26 jaar oud 1947 .
Ook Remarque heeft de absurditeit van oorlog verwoordt , onder meer in de beroemde roman Im Westen nichts neues .
Vrij bewerkt .
De Kift heeft de teksten vrij bewerkt zoals een theatergroep dat zou doen .
Beschrijvende stukken zijn weggelaten en vervangen door muziek .
Volgens Heijne en de zijnen is de rode draad van Krankenhaus de strijd tussen het individu en zijn omgeving .
Maar dat willen de muzikanten zo pertinent niet zien .
Ik zou dat goedkoop vinden , beweert Ferry Heijne stellig .
Wij willen in geen geval misbruik maken van de situatie .
FRANKFURT .
Dansers zijn voor veel choreografen een belangrijke bron van inspiratie .
Forsythe geeft zijn dansers bijvoorbeeld honderd bewegingen en laat hen die zelfstandig ordenen tot een nieuw geheel .
Daarmee schept hij ruimte voor spontaniteit en voor vondsten die hij zelf niet had kunnen bedenken .
Zijn groep bestaat uit voornamelijk Amerikaanse dansers .
Regina van Berkel ( 24 ) is de enige Nederlandse bij Ballett Frankfurt .
Daarmee ga je aan de gang .
Het is geen vrije improvisatie , je blijft binnen de structuur die hij heeft aangegeven .
Bijvoorbeeld : men heeft alles tegenovergesteld .
Als je arm rond je lijf gaat richt het hoofd zich de andere kant op .
Hij geeft de kleur aan en bekijkt of het is wat hij zocht .
Forsythe heeft ooit gezegd dat zijn dansers in staat moeten zijn los te laten wat ze hebben geleerd .
Dat is voor hem de enige manier om open te staan voor nieuwe bewegingsmogelijkheden .
Hij vindt het spannend om te zien dat je openstaat voor je eigen impulsen .
Dat ziet er anders uit dan wanneer je grijpt naar iets dat je al kent .
Daarin verschilt Forsythe's werkwijze ook van die van andere choreografen , vertelt ze .
Bij haar vorige groep Djazzex werd alles in de studio uitgepuzzled zoals bij veel dansgroepen .
Het gaat ook niet om de perfectie ; dat iedereen op tel acht daar en daar is .
Impulsen zijn belangrijker , het onderzoeken van je lichaam met spontane bewegingen .
Regina van Berkel zag Ballett Frankfurt voor het eerst in 1987 .
Het was een overdonderende kennismaking voor een danseres die toen nog de opleiding toneeldans aan de Rotterdamse Dansacademie volgde .
De gedachte om ooit bij die groep te dansen zou haar niet meer loslaten .
Forsythe bleek geïnteresseerd maar had voorlopig geen plaats voor haar .
Zo raakte ze vertrouwd met zijn manier van werken .
Ik kwam nieuw binnen .
Dan is het niet makkelijk om beetje bij beetje te doorgronden wat er met je lichaam gebeurt .
" Je moet kalm blijven en erop vertrouwen dat je het op den duur zult snappen .
Maar er blijken toch steeds weer nieuwe mogelijkheden te zijn .
ZELHEM .
De Achterhoekse popgroep Normaal vertrekt volgende week voor 24 dagen naar Amerika .
Normaal gaat in Fort Lauderdale in de staat Florida een nieuwe cd opnemen .
Normaal besloot tot de oversteek om gebruik te maken van de diensten van de Nederlander Edwin Musper .
Een grootheid in de huidige popmuziek die in Amerika zijn sporen heeft verdiend .
Normaal heeft na vier jaar de samenwerking met producer Michiel Hoogenboezem beëindigd .
Voorstelling Mensch Meier .
Auteur Franz Xaver Kroetz .
Produktie : Toneelschuur .
Regie Alize Zandwijk .
Spelers : Elja Pelgrom , Martin de Smet , Jacob Derwig .
Gezien in Toneelschuur , Haarlem .
Tournee .
HAARLEM .
Scène voor scène trekt Mensch Meier aan de toeschouwers voorbij .
Twee uur achtereen in alle rust en zonder enige franje , maar onverbiddelijk .
In zijn vorm bezit de eentonigheid waarover het stuk wil vertellen het zelf ook .
Realistisch tot in details maar toch met alleen het hoognodige .
Wanhoop en opgekropte teleurstelling over het ongelukkige leven van hem en zijn gezin zoekt een uitweg dan even .
Daarom mag zoon Ludwig geen metselaar worden wat hij graag zou willen .
Dat past niet in hun opiumdromen van een beter leven .
Ludwigs verzet vormt in het stuk de uiterlijke confrontatie , de actie .
Er heerst een tragisch gebrek aan de juiste woorden .
Otto spuwt , Martha slikt en Ludwig denkt .
Dat laatste geeft enige hoop samen met Martha's slotzin dat ze allemaal moeten leren .
Het is niet helemáál hopeloos .
Dat accentueert Alize Zandwijk door uit de somberte van het stuk humor los te peuteren .
Ze heeft Kroetz bekendste stuk daarmee perfect geregisseerd : beeld en geluid kloppen als een bus .
Voor haar acteurs moet Alize Zandwijk een inspirerende regisseuse zijn .
Dat blijkt ook nu weer .
Hij dwingt tot lang en diep nadenken over de kwetsbaarheid van de jeugd in de huidige wereld .
Nieuwjaarsmatinee met het Nederlands Blazers Ensemble o.l.v. Thierry Fischer .
Muziek van Andriessen , De Mey en De Smet .
Gehoord in het Concertgebouw Amsterdam .
AMSTERDAM .
Een stuurse componist speelde de Nieuwjaarsmatinee van het Nederlands Blazers Ensemble parten .
Van het beloofde klapstuk , een nieuw werk van saxofonist en componist Willem Breuker kwam niets terecht .
Breuker gooide voortijdig de handschoen in de ring .
Op het programma stond plotseling de onbekende Belgische meester Jean-Baptiste Stas .
Breuker zat in tijdnood , hij liet weten zijn opdracht niet te kunnen voltooien .
Men zocht wanhopig naar een componist die in luttele dagen een nieuw werk kon schrijven .
Men vond die : achter de onbekende Vlaming Stas ging componist Chiel Meijering schuil .
De rest van het programma met Belgische en Nederlandse muziek was een allegaartje en hield weinig rekening met kinderzieltjes .
Het Blazers Ensemble koos voor een mengelmoes van voornamelijk moderne muziek .
Het was allemaal weinig feestelijk .
Op de eerste dag van het nieuwe jaar bleef het echter vergeefs wachten op een feestvarken .
AMSTERDAM .
Jeanette Vondersaar , eerste soliste bij Het Nationale Ballet heeft de Alexandra Radius Prijs 1992-'93 gekregen .
De prijs bestaat uit een sieraad op een sokkel van Paul Derrez en 2500 gulden .
Boris de Leeuw , Alan Land , Kumiko Hayakawa en Jeanette Vondersaar waren dit jaar kandidaten voor de prijs .
Haar rollen in Giselle en in The Four Temperaments maakten grote indruk op de vrienden .
De Amerikaanse is sinds 1976 verbonden aan Het Nationale Ballet .
De dansvloer wordt het geschenk van de stichting ter gelegenheid van haar tienjarige bestaan in november .
De beoogde opbrengst van de actie is 50.000 gulden .
TILBURG .
Coenen ontwerpt in het centrum van Tilburg een nieuwe muziekzaal met 850 stoelen .
De komende zomer moet de eerste paal voor het nieuwe Tilburgse kunstcomplex de grond in .
Behalve een muziekzaal heeft het gebouw ook plaats voor het Tilburgse conservatorium en de dansacademie .
Later kan men er nog nieuwbouw voor de Academie voor Beeldende Vorming en voor Bouwkunst aan toevoegen .
Men verbindt de foyer van de muziekzaal met de foyer van de al bestaande Tilburgse schouwburg .
De bouwkosten van het nieuwe kunstcentrum bedragen ongeveer 54 miljoen gulden .
HOLLYWOOD .
Irving - Swifty Lazar , een van de beroemdste zaakwaarnemers in Hollywood is op 86-jarige leeftijd overleden .
Lazar was actief op literair- en filmgebied .
DPA .
WENEN .
Men had de Gouden Zaal van de Wiener Musikverein al maanden tevoren uitverkocht .
De Wiener Philharmoniker werden voor het eerst sinds 1986 weer geleid door de Amerikaanse dirigent Lorin Maazel .
De dirigent nam in dat jaar afscheid als directeur van de Wiener Staatsoper .
Ik hoop dat 1994 nieuwe hoop en een beter leven brengen .
De zangeres Madonna staat in de eerste aflevering centraal .
OUDE TONGE .
Eurosport doet in de loop van volgende maand van drie bokswedstrijden live verslag .
HILVERSUM .
NCRV-Vrijdagsport houdt op te bestaan .
Sjors Fröhlich gaat Hier en Nu-Sport presenteren .
Voetbalkenner David Endt is aangetrokken als vaste sportcolumnist .
Radio 1 zendt nu elke dag tussen 22.00 en 23.00 uur een sportprogramma uit .
ALKMAAR .
Tenminste 90 journalisten zijn in 1993 om het leven gekomen tijdens de uitoefening van hun beroep .
De meeste slachtoffers vielen in het voormalige Joegoslavië en in de voormalige Sovjet-Unie .
Vanavond : Onderweg naar morgen , TROS-Veronica , 19.00 uur , Nederland 2 .
AALSMEER .
En de komende weken zal blijken welke kamp het grootste wordt .
Feit is in elk geval dat Tros en Veronica nu al heel tevreden zijn .
Wat is namelijk het geval ?
In Hilversum zou ze dat leren .
Ze leunden tevreden achterover , men had alweer de eerste klap uitgedeeld .
Uitgediept .
Hieruit ontstaat een altijd actuele en zeer herkenbare spiegelvertelling over onze samenleving in al haar facetten .
Heel praktisch gaat het om twee families : de Reitsema's en de Couwenbergs .
Ze kunnen dus even vooruit .
Kader .
2. Pauline van Rheenen is Aafke Reitsema .
3. Dolf de Vries is Ed Couwenberg .
4. Frits Jansma is JP .
5. Hero Muller is Cor de Zeeuw .
6. Joop de Vries is Victor Couwenberg .
7. Manouk van der Meulen is Daphne Reitsema .
8. Herman Boerman is Frank Reitsema .
9. Marjolein Keuning is Joyce Couwenberg .
10. René Retél is Steven Ansingh .
11. Judith Hees is Elisabeth Ansingh .
12. Peter de Gelder is Benistante Carstens .
13. Ivonne Valkenburg is Irene de Vries .
14. Michaël van Buuren is Jur van Elst .
15. Betina Berger is Reneé Couweneberg .
16. Job Redelaar is Pim Reitsema .
17. Marina Duvecot is Margot Reitsema .
18. Martin Schwab is Gyman Rhemrev .
19. Pim Vosmaer is Bob Simons .
Vanavond : we zijn weer thuis , VPRO , 19.54 uur , Nederland 3 .
HILVERSUM .
Wim T. Schippers heeft het zichzelf er niet gemakkelijker op gemaakt .
Men móét vaak heel veel weglaten .
En sommige woorden kúnnen gewoon niet .
Ik hoop dat niet al te veel de mist ingaat .
Kopie .
Truus Dekker moeder Nel van der Hoed-Smulders blijkt intussen in de Engelse universiteitsstad Cambridge te vertoeven .
Hè , handig , zo'n vrouwtje bij je in den vreemde , zegt zij plagend en teder tegelijk .
Voor je natje , je droogje en je wasje .
Ik weet niet hoe jij dat thuis deed .
Open einde .
Maar ik weet niet of ik daar voor voel .
Ik zou het liefst doorgaan met een langer lopende serie .
Archie Bunker heeft het tenslotte ook meer dan tien jaar uitgehouden .
U durft mij te vragen hoe , was vaak het antwoord .
Nu staan de meeste Nederlandse topacteurs als het ware in de rij .
Pierre Bokma , geen probleem .
En nog vele anderen .
Maar ook iemand als Boudwijn Büch wil ontzettend graag .
Jammer dat dat kennelijk zo weinig indruk maakt .
HILVERSUM .
In aankondigingen en persberichten maakte men er op geen enkele manier gewag van .
Freek de Jonge bleef daarna het theater trouw en kwam met tal van programma's .
Door dat laatste werd de hier bedoelde hereniging mogelijk .
Een eerste openlijk gebaar van verzoening sinds de plotselinge breuk in 1979 .
Maar in de anderhalf uur durende reportage komt nog veel meer aan bod .
Ook probeert hij de veronderstelde kloof tussen Nederland en Vlaanderen ietwat te verkleinen .
ZEIST .
Er is nog geen enkele fax uit Marokko binnengekomen , aldus secretaris Jan Huijbregts .
Men heeft Marokko en Nederland op het WK in Amerika in dezelfde groep ingedeeld .
Om die reden wil het Noordafrikaanse land niet oefenen tegen Oranje .
Voor een duel op 23 februari in Lissabon benaderde men nu Portugal .
Daarnaast komt Spanje eind januari naar Casablanca voor een wedstrijd tegen Marokko .
De KNVB zal vandaag contact opnemen met de Marokkaanse bond .
Het kan best zijn dat Marokko liever afziet van de oefenpartij .
Eerder heeft de Verenigde Arabische Emiraten ons benaderd voor een wedstrijd in februari .
Dat hebben we toen afgeblazen omdat we rond waren met Marokko .
We gaan kijken of we alsnog wat met de VAE kunnen afspreken .
Dat moet dan wel daar en in de maand februari gebeuren .
Als dat niet meer lukt komt het Nederlandse elftal in februari niet in actie , voorziet Huijbregts .
In de voorbereiding op het WK vertoont het programma voor mei eveneens nog hiaten .
Dat hangt af van de tweede wedstrijd in deze periode , legt Huijbregts uit .
Begin juni wil Oranje voor het laatst in eigen land oefenen , vermoedelijk tegen Zwitserland .
Nigeria heeft zich als sparring-partner aangeboden maar kan alleen op 21 , 22 , 23 of 24 mei .
En dat past weer niet met het bezoek van de Schotten , aldus Huijbregts .
Canada .
Over de plaats bestaat nog verschil van mening .
Huijbregts : wij willen het liefst in Toronto spelen maar de Canadezen hebben een voorkeur voor Edmonton .
Daar schijnt een fantastisch groot stadion te staan .
Op 13 juni strijkt Oranje neer in Florida .
De KNVB heeft daar het golf-hotel Mission Inn voor een aantal weken afgehuurd .
ARNHEM .
De bondscoach van Nigeria heeft contact opgenomen met Jan van Deinsen en Jo Bonfrère .
Beiden waren al eerder assistent van de 54-jarige Gelderlander .
Mijn voorkeur gaat uit naar Bonfrère .
Van Deinsen heeft het maar vier maanden volgehouden .
Hij is gillend terug naar huis gegaan .
Bonfrère is al twee keer in Nigeria werkzaam geweest .
Westerhof is gisteren via Zürich naar Bangkok vertrokken waar het Nigeriaanse elftal vrijdag aantreedt tegen Ajax .
Een klemvaste goede keeper maar met een mindere mentaliteit .
Daarom heb ik hem ook een tijdje gepasseerd en zit hij nu reserve bij Go Ahead .
WILLEMSTAD .
De voetbalselectie van Heerenveen is in het nieuwjaarsweekeinde voor een deel gestrand in Miami , VS .
Dertien spelers liepen op weg naar het trainingskamp op Curacao minimaal veertig uur vertraging op .
Het vliegtuig kreeg bij de tussenstop in Miami te kampen met een technisch mankement .
Hierop onstond op de luchthaven een chaotische situatie .
Dertien selectiespelers onder wie Piet Keur en Arnold Oosterveer bleven achter .
Trainer Foppe de Haan ging wel de lucht in .
Bij aankomst op Willemstad bleek hij slechts over acht van de 21 selectiespelers te kunnen beschikken .
Maar hebben we het gezellig gemaakt , liet Piet Keur , een van de gestrande spelers weten .
Heerenveen houdt tot 14 januari trainingskamp op Curacao .
De ploeg speelt daar drie oefenwedstrijden waarvan een tegen het nationale elftal .
Op 15 januari hervat men de competitie tegen Vitesse .
ANP .
MILAAN .
De start van het nieuwe jaar was ontnuchterend voor Dennis Bergkamp .
Naast de zeven doelpunten in zes UEFA Cup-ontmoetingen op zichzelf geen slechte score voor Bergkamp .
Drukke weg .
Wat , tijdens de training dacht ik soms , is dit hier .
Je kon een speld horen vallen .
Na de uitwedstrijd tegen Udinese is plotseling die druk van de ploeg afgevallen en lachte men .
Daarna heb ik het gevoel gekregen dat we ook zeker een prijs kunnen pakken .
Met vijf punten achterstand op lijstaanvoerder Milan dat bovendien nog een duel tegoed heeft .
Toch heeft men Bergkamp ervan overtuigd dat Inter nog niet uitgeschakeld is voor de titel .
We hebben lang niet alle wedstrijden goed gespeeld .
De laatste bekerwedstrijd tegen Udinese was bij voorbeeld ook zo'n duel .
We speelden niet goed maar haalden wel de volgende ronde .
In Italië is 1-0 net zo belangrijk als 4-0 .
Na 1-0 gaat de deur dicht en dan is het over .
Niets gewonnen .
Daarom vind ik dat we het afgelopen halve jaar redelijk hebben gepresteerd .
Zeker niet onder de maat .
Daarbij moet je er rekening mee houden dat we onze topvorm nog niet hebben bereikt .
Bij Milan zie ik dat niet .
Kijk naar Maldini , die is van mijn leeftijd maar hij loopt rond als een man van veertig .
Hij heeft alles al gewonnen .
We hebben wel tegen dat we de komende maanden op drie fronten strijden .
We moeten elke zondag en woensdag spelen .
Ik merk nu toch dat dat moeilijk zal worden .
In het eerste halve jaar heb ik namelijk ook al elke week twee keer gespeeld .
Ik heb geen wedstrijd van Inter gemist .
Ik heb geen dag vrij gehad .
Als de spelers vrij waren moest ik naar het Nederlandse elftal .
Tijdens de kerst heb ik voor het eerst vrij gehad , vier dagen slechts .
Pagina 17 .
Bergkamp : Italiaanse scheidsrechters doen vreemde dingen .
Was het Italiaanse team niet te defensief ingesteld ?
De Ajacieden vertrokken naar Milaan met de ambitie om hun nieuwe ploeg van aanvallende impulsen te voorzien .
Er is volgens Bergkamp na zes maanden al een duidelijk verschil bij Inter te bespeuren .
De uitwedstrijd tegen Norwich is daar een goed voorbeeld van .
De verdediging was stevig maar in die wedstrijd hebben we toch veel aangevallen .
De nadruk op de aanval lag in dat duel voor ons dat we wonnen met 1-0 .
Scoren in een uitwedstrijd , daar ging het ons om .
Tegen het traditionele gedrag van Italiaanse clubs in .
Wennen .
Bergkamp heeft aan de trainingen bij zijn nieuwe club moeten wennen .
Het grootste verschil is de duur van de trainingen .
Hier trainen we ruim anderhalf uur .
In het begin zelfs twee uur .
Dat was bij Ajax slechts een uur .
Het is hier bovendien veel uitgebreider ; rekken en stretchen .
Telkens met die blauwe matjes alle spiergroepen doornemen .
Elke training weer een warming-up van een kwartier of een half uur .
In Amsterdam waren dat maar vijf minuten .
Daar was het feller , agressiever .
