conll2006-test/./WR-P-P-L-0000000003.p.93.s.1.xml	//node[@pos="comp" and @root="dat" and not(../@cat="cp")]	dat comp without cp
conll2006-test/./WR-P-P-L-0000000003.p.127.s.1.xml	//node[ @cat and @rel="app" and not(@cat="mwu") and not(@cat="np") and not(@cat="conj") and not(@cat="smain")]	unexpected app-category.   Expected cats: mwu np conj smain
conll2006-test/./WR-P-P-L-0000000003.p.136.s.1.xml	//node[@pos="comp" and @root="dat" and not(../@cat="cp")]	dat comp without cp
