clef2008/./0064-2316.xml	//node[@cat="np" and node[@rel="hd" and @genus="onz" and not(@root="jaar" or @root="paar" or @root="miljoen" or @root="uur" or @root="procent" or @root="miljard" or @root="nummer")] and node[@rel="det" and (@root="de" or @root="die" or @root="deze")]]	de-determiner combines with zijd noun?
clef2008/./0064-2316.xml	//node[@cat="np" and node[@rel="hd" and @genus="onz" and not(@root="jaar" or @root="paar" or @root="miljoen" or @root="uur" or @root="procent" or @root="miljard" or @root="nummer")] and node[@rel="det" and (@root="de" or @root="die" or @root="deze")]]	de-determiner combines with onz noun?
