ntv-suite/./47.xml	//node[ @cat and @rel="obj1" and not(@cat="np") and not(@cat="conj") and not(@cat="mwu") and not(@cat="whrel") and not(@cat="pp") and not(@cat="cp") and not(@cat="ap") and not((@cat="advp" or @cat="whsub") and ../@cat="pp")]	unexpected obj1-category...
ntv-suite/./89.xml	//node[@cat="ti" and node[@rel="body" and @cat and not(@cat="inf" or @cat="conj")]]	te-inf without inf?
ntv-suite/./121.xml	//node[ @cat and @rel="su" and not(@cat="np") and not(@cat="conj") and not(@cat="cp") and not(@cat="ti") and not(@cat="oti") and not(@cat="whrel") and not(@cat="whsub") and not(@cat="svan") and not(@cat="mwu")]	unexpected su-category.   Expected cats: np conj cp ti oti whrel whsub svan mwu
ntv-suite/./122.xml	//node[ @cat and @rel="obj1" and not(@cat="np") and not(@cat="conj") and not(@cat="mwu") and not(@cat="whrel") and not(@cat="pp") and not(@cat="cp") and not(@cat="ap") and not((@cat="advp" or @cat="whsub") and ../@cat="pp")]	unexpected obj1-category...
ntv-suite/./124.xml	//node[ @cat and @rel="obj1" and not(@cat="np") and not(@cat="conj") and not(@cat="mwu") and not(@cat="whrel") and not(@cat="pp") and not(@cat="cp") and not(@cat="ap") and not((@cat="advp" or @cat="whsub") and ../@cat="pp")]	unexpected obj1-category...
ntv-suite/./126.xml	//node[ @cat and @rel="obj1" and not(@cat="np") and not(@cat="conj") and not(@cat="mwu") and not(@cat="whrel") and not(@cat="pp") and not(@cat="cp") and not(@cat="ap") and not((@cat="advp" or @cat="whsub") and ../@cat="pp")]	unexpected obj1-category...
ntv-suite/./161.xml	//node[ @cat and @rel="obj1" and not(@cat="np") and not(@cat="conj") and not(@cat="mwu") and not(@cat="whrel") and not(@cat="pp") and not(@cat="cp") and not(@cat="ap") and not((@cat="advp" or @cat="whsub") and ../@cat="pp")]	unexpected obj1-category...
ntv-suite/./164.xml	//node[ @cat and @rel="su" and not(@cat="np") and not(@cat="conj") and not(@cat="cp") and not(@cat="ti") and not(@cat="oti") and not(@cat="whrel") and not(@cat="whsub") and not(@cat="svan") and not(@cat="mwu")]	unexpected su-category.   Expected cats: np conj cp ti oti whrel whsub svan mwu
