novelsample_corrected/./38.xml	//node[ @cat and @rel="su" and not(@cat="np") and not(@cat="conj") and not(@cat="cp") and not(@cat="ti") and not(@cat="oti") and not(@cat="whrel") and not(@cat="whsub") and not(@cat="svan") and not(@cat="mwu")]	unexpected su-category.   Expected cats: np conj cp ti oti whrel whsub svan mwu
